../Core/Src/modbus_motor.cpp:7:9:uint8_t Modbus_Init()	4	static
../Core/Src/modbus_motor.cpp:18:10:uint16_t Modbus_CalculateCRC(uint8_t*, uint16_t)	24	static
../Core/Src/modbus_motor.cpp:33:9:uint8_t Modbus_SendCommand(uint8_t*, uint16_t)	24	static
../Core/Src/modbus_motor.cpp:38:9:uint8_t Modbus_WaitResponse(uint32_t)	24	static
../Core/Src/modbus_motor.cpp:50:9:uint8_t Motor_Excitation_ON(uint8_t)	40	static
../Core/Src/modbus_motor.cpp:72:9:uint8_t Motor_Excitation_OFF(uint8_t)	40	static
../Core/Src/modbus_motor.cpp:94:9:uint8_t Motor_Speed_Control(uint8_t, int16_t)	64	static
../Core/Src/modbus_motor.cpp:165:9:uint8_t Motor_CW_Low_Speed(uint8_t)	24	static
../Core/Src/modbus_motor.cpp:170:9:uint8_t Motor_CW_Mid_Speed(uint8_t)	24	static
../Core/Src/modbus_motor.cpp:175:9:uint8_t Motor_CW_High_Speed(uint8_t)	24	static
../Core/Src/modbus_motor.cpp:181:9:uint8_t Motor_CCW_Low_Speed(uint8_t)	24	static
../Core/Src/modbus_motor.cpp:186:9:uint8_t Motor_CCW_Mid_Speed(uint8_t)	24	static
../Core/Src/modbus_motor.cpp:191:9:uint8_t Motor_CCW_High_Speed(uint8_t)	24	static
../Core/Src/modbus_motor.cpp:196:9:uint8_t Motor_Stop(uint8_t)	16	static
